[1/10] READY05-r1-b1500-GRASP | 5 orders | budget 1500 ms ...
  OK | coverage=100.000000% | cost(full)=1104.000000 | ms=1500.122057
[2/10] READY05-r1-b1500-SA | 5 orders | budget 1500 ms ...
  OK | coverage=100.000000% | cost(full)=1416.000000 | ms=1500.105363
[3/10] READY10-r1-b1500-SA | 10 orders | budget 1500 ms ...
  OK | coverage=100.000000% | cost(full)=2268.000000 | ms=1500.172692
[4/10] READY10-r1-b1500-GRASP | 10 orders | budget 1500 ms ...
  OK | coverage=100.000000% | cost(full)=2172.000000 | ms=1503.229771
[5/10] READY15-r1-b1500-GRASP | 15 orders | budget 1500 ms ...
  OK | coverage=100.000000% | cost(full)=3114.000000 | ms=1500.140746
[6/10] READY15-r1-b1500-SA | 15 orders | budget 1500 ms ...
  OK | coverage=100.000000% | cost(full)=2658.000000 | ms=1500.131414
[7/10] READY20-r1-b1500-SA | 20 orders | budget 1500 ms ...
  OK | coverage=100.000000% | cost(full)=3873.000000 | ms=1500.152889
[8/10] READY20-r1-b1500-GRASP | 20 orders | budget 1500 ms ...
  OK | coverage=100.000000% | cost(full)=4416.000000 | ms=1500.132558
[9/10] READYREAL-r1-b1500-GRASP | 41 orders | budget 1500 ms ...
  PARTIAL | coverage=51.219512% | cost(full)= | ms=1500.114811
[10/10] READYREAL-r1-b1500-SA | 41 orders | budget 1500 ms ...
  PARTIAL | coverage=53.658537% | cost(full)= | ms=1500.122878
Done. Open: /mnt/data/paqrap_actualizado/paqrap-experimentacion/evidencia/flex1/readiness/report.html
Raw, paired results: /mnt/data/paqrap_actualizado/paqrap-experimentacion/evidencia/flex1/readiness/runs.csv
