[1/16] SMOKE01-r1-b1500-GRASP | 3 orders | budget 1500 ms ...
  OK | coverage=100.000000% | cost(full)=624.000000 | ms=1500.368996
[2/16] SMOKE01-r1-b1500-SA | 3 orders | budget 1500 ms ...
  OK | coverage=100.000000% | cost(full)=460.000000 | ms=1500.111174
[3/16] SMOKE01-r2-b1500-SA | 3 orders | budget 1500 ms ...
  OK | coverage=100.000000% | cost(full)=460.000000 | ms=1500.144754
[4/16] SMOKE01-r2-b1500-GRASP | 3 orders | budget 1500 ms ...
  OK | coverage=100.000000% | cost(full)=624.000000 | ms=1500.105565
[5/16] SMOKE02-r1-b1500-SA | 4 orders | budget 1500 ms ...
  OK | coverage=100.000000% | cost(full)=606.000000 | ms=1500.184307
[6/16] SMOKE02-r1-b1500-GRASP | 4 orders | budget 1500 ms ...
  OK | coverage=100.000000% | cost(full)=528.000000 | ms=1500.115595
[7/16] SMOKE02-r2-b1500-GRASP | 4 orders | budget 1500 ms ...
  OK | coverage=100.000000% | cost(full)=528.000000 | ms=1500.131338
[8/16] SMOKE02-r2-b1500-SA | 4 orders | budget 1500 ms ...
  OK | coverage=100.000000% | cost(full)=684.000000 | ms=1500.180231
[9/16] SMOKE03-r1-b1500-GRASP | 2 orders | budget 1500 ms ...
  OK | coverage=100.000000% | cost(full)=896.000000 | ms=1500.103809
[10/16] SMOKE03-r1-b1500-SA | 2 orders | budget 1500 ms ...
  OK | coverage=100.000000% | cost(full)=600.000000 | ms=1500.106805
[11/16] SMOKE03-r2-b1500-SA | 2 orders | budget 1500 ms ...
  OK | coverage=100.000000% | cost(full)=648.000000 | ms=1500.120546
[12/16] SMOKE03-r2-b1500-GRASP | 2 orders | budget 1500 ms ...
  OK | coverage=100.000000% | cost(full)=896.000000 | ms=1500.126310
[13/16] SMOKE04-r1-b1500-SA | 7 orders | budget 1500 ms ...
  OK | coverage=100.000000% | cost(full)=2928.000000 | ms=1500.387861
[14/16] SMOKE04-r1-b1500-GRASP | 7 orders | budget 1500 ms ...
  OK | coverage=100.000000% | cost(full)=2612.000000 | ms=1500.095216
[15/16] SMOKE04-r2-b1500-GRASP | 7 orders | budget 1500 ms ...
  OK | coverage=100.000000% | cost(full)=2612.000000 | ms=1500.135822
[16/16] SMOKE04-r2-b1500-SA | 7 orders | budget 1500 ms ...
  OK | coverage=100.000000% | cost(full)=2928.000000 | ms=1500.357257
Done. Open: /mnt/data/paqrap_actualizado/paqrap-experimentacion/evidencia/flex1/smoke/report.html
Raw, paired results: /mnt/data/paqrap_actualizado/paqrap-experimentacion/evidencia/flex1/smoke/runs.csv
