[1/4] SMOKE01-r1-b1500-GRASP | 3 orders | budget 0 ms ...
  OK | coverage=100.000000% | cost(full)=624.000000 | ms=198.594787
[2/4] SMOKE01-r1-b1500-SA | 3 orders | budget 0 ms ...
  OK | coverage=100.000000% | cost(full)=1296.000000 | ms=481.651903
[3/4] SMOKE02-r1-b1500-SA | 4 orders | budget 0 ms ...
  OK | coverage=100.000000% | cost(full)=1320.000000 | ms=2020.602002
[4/4] SMOKE02-r1-b1500-GRASP | 4 orders | budget 0 ms ...
  OK | coverage=100.000000% | cost(full)=978.000000 | ms=708.424324
Done. Open: /mnt/data/paqrap-experimentacion/evidencia/determinismo-a/report.html
Raw, paired results: /mnt/data/paqrap-experimentacion/evidencia/determinismo-a/runs.csv
[1/4] SMOKE01-r1-b1500-GRASP | 3 orders | budget 0 ms ...
  OK | coverage=100.000000% | cost(full)=624.000000 | ms=238.734724
[2/4] SMOKE01-r1-b1500-SA | 3 orders | budget 0 ms ...
  OK | coverage=100.000000% | cost(full)=1296.000000 | ms=430.308718
[3/4] SMOKE02-r1-b1500-SA | 4 orders | budget 0 ms ...
  OK | coverage=100.000000% | cost(full)=1320.000000 | ms=1719.745595
[4/4] SMOKE02-r1-b1500-GRASP | 4 orders | budget 0 ms ...
  OK | coverage=100.000000% | cost(full)=978.000000 | ms=637.553034
Done. Open: /mnt/data/paqrap-experimentacion/evidencia/determinismo-b/report.html
Raw, paired results: /mnt/data/paqrap-experimentacion/evidencia/determinismo-b/runs.csv
