[1/16] SMOKE01-r1-b1500-GRASP | 3 orders | budget 1500 ms ...
  OK | coverage=100.000000% | cost(full)=624.000000 | ms=1500.228603
[2/16] SMOKE01-r1-b1500-SA | 3 orders | budget 1500 ms ...
  OK | coverage=100.000000% | cost(full)=1296.000000 | ms=1500.264749
[3/16] SMOKE01-r2-b1500-SA | 3 orders | budget 1500 ms ...
  OK | coverage=100.000000% | cost(full)=1136.000000 | ms=1501.314167
[4/16] SMOKE01-r2-b1500-GRASP | 3 orders | budget 1500 ms ...
  OK | coverage=100.000000% | cost(full)=624.000000 | ms=1500.311892
[5/16] SMOKE02-r1-b1500-SA | 4 orders | budget 1500 ms ...
  OK | coverage=100.000000% | cost(full)=1320.000000 | ms=1500.264763
[6/16] SMOKE02-r1-b1500-GRASP | 4 orders | budget 1500 ms ...
  OK | coverage=100.000000% | cost(full)=978.000000 | ms=1500.249330
[7/16] SMOKE02-r2-b1500-GRASP | 4 orders | budget 1500 ms ...
  OK | coverage=100.000000% | cost(full)=942.000000 | ms=1500.258454
[8/16] SMOKE02-r2-b1500-SA | 4 orders | budget 1500 ms ...
  OK | coverage=100.000000% | cost(full)=1352.000000 | ms=1500.471499
[9/16] SMOKE03-r1-b1500-GRASP | 2 orders | budget 1500 ms ...
  PARTIAL | coverage=50.000000% | cost(full)= | ms=1500.269420
[10/16] SMOKE03-r1-b1500-SA | 2 orders | budget 1500 ms ...
  OK | coverage=100.000000% | cost(full)=1444.000000 | ms=1500.264960
[11/16] SMOKE03-r2-b1500-SA | 2 orders | budget 1500 ms ...
  OK | coverage=100.000000% | cost(full)=1464.000000 | ms=1500.265029
[12/16] SMOKE03-r2-b1500-GRASP | 2 orders | budget 1500 ms ...
  PARTIAL | coverage=50.000000% | cost(full)= | ms=1500.263652
[13/16] SMOKE04-r1-b1500-SA | 7 orders | budget 1500 ms ...
  OK | coverage=100.000000% | cost(full)=5680.000000 | ms=1500.345214
[14/16] SMOKE04-r1-b1500-GRASP | 7 orders | budget 1500 ms ...
  TIME_LIMIT_NO_PLAN | coverage=0.000000% | cost(full)= | ms=1500.239830
[15/16] SMOKE04-r2-b1500-GRASP | 7 orders | budget 1500 ms ...
  OK | coverage=100.000000% | cost(full)=3694.000000 | ms=1500.252179
[16/16] SMOKE04-r2-b1500-SA | 7 orders | budget 1500 ms ...
  OK | coverage=100.000000% | cost(full)=5680.000000 | ms=1500.217882
Done. Open: /mnt/data/paqrap-experimentacion/evidencia/smoke-verificado/report.html
Raw, paired results: /mnt/data/paqrap-experimentacion/evidencia/smoke-verificado/runs.csv
